[
  [
    [
      {
        "groupName": "2/2",
        "subject": "sieci.komput",
        "teacher": "Dr",
        "teacherId": "14",
        "room": "35",
        "roomId": "13"
      }
    ],
    [
      {
        "groupName": "2/2",
        "subject": "sieci.komput",
        "teacher": "Dr",
        "teacherId": "14",
        "room": "35",
        "roomId": "13"
      }
    ],
    [
      {
        "groupName": "1/2",
        "subject": "tw.apl.inter",
        "teacher": "Ko",
        "teacherId": "27",
        "room": "33",
        "roomId": "11"
      },
      {
        "groupName": "2/2",
        "subject": "sieci.komput",
        "teacher": "Dr",
        "teacherId": "14",
        "room": "35",
        "roomId": "13"
      }
    ],
    [
      {
        "groupName": "1/2",
        "subject": "tw.apl.inter",
        "teacher": "Ko",
        "teacherId": "27",
        "room": "33",
        "roomId": "11"
      },
      {
        "groupName": "2/2",
        "subject": "sieci.komput",
        "teacher": "Dr",
        "teacherId": "14",
        "room": "35",
        "roomId": "13"
      }
    ],
    [
      {
        "subject": "j.polski",
        "teacher": "ZJ",
        "teacherId": "67",
        "room": "21",
        "roomId": "4"
      }
    ],
    [
      {
        "groupName": "1/2",
        "subject": "r_fizyka",
        "teacher": "Ba",
        "teacherId": "1",
        "room": "19",
        "roomId": "3"
      },
      {
        "groupName": "2/2",
        "subject": "met.programo",
        "teacher": "PB",
        "teacherId": "41",
        "room": "32",
        "roomId": "10"
      }
    ],
    [
      {
        "groupName": "1/2",
        "subject": "r_fizyka",
        "teacher": "Ba",
        "teacherId": "1",
        "room": "19",
        "roomId": "3"
      },
      {
        "groupName": "2/2",
        "subject": "s.operacyjne",
        "teacher": "Oż",
        "teacherId": "39",
        "room": "32",
        "roomId": "10"
      }
    ],
    [
      {
        "groupName": "1/2",
        "subject": "s.operacyjne",
        "teacher": "Oż",
        "teacherId": "39",
        "room": "32",
        "roomId": "10"
      },
      {
        "groupName": "2/2",
        "subject": "tw.baz.dan",
        "teacher": "Dę",
        "teacherId": "13",
        "room": "34",
        "roomId": "12"
      }
    ],
    [],
    []
  ],
  [
    [],
    [],
    [
      {
        "groupName": "1/2",
        "subject": "angielski g",
        "teacher": "BM",
        "teacherId": "4",
        "room": "W11",
        "roomId": "20"
      },
      {
        "groupName": "2/2",
        "subject": "angielski g",
        "teacher": "Pi",
        "teacherId": "42",
        "room": "W3",
        "roomId": "19"
      }
    ],
    [
      {
        "groupName": "1/2",
        "subject": "angielski g",
        "teacher": "BM",
        "teacherId": "4",
        "room": "W11",
        "roomId": "20"
      },
      {
        "groupName": "2/2",
        "subject": "angielski g",
        "teacher": "Pi",
        "teacherId": "42",
        "room": "W3",
        "roomId": "19"
      }
    ],
    [
      {
        "subject": "u_hist.i sp.",
        "teacher": "Ho",
        "teacherId": "25",
        "room": "21",
        "roomId": "4"
      }
    ],
    [
      {
        "subject": "matematyka",
        "teacher": "PB",
        "teacherId": "41",
        "room": "23",
        "roomId": "6"
      }
    ],
    [
      {
        "subject": "godz.wych",
        "teacher": "PB",
        "teacherId": "41",
        "room": "32",
        "roomId": "10"
      }
    ],
    [
      {
        "groupName": "1/2",
        "subject": "sieci.komput",
        "teacher": "Dr",
        "teacherId": "14",
        "room": "35",
        "roomId": "13"
      },
      {
        "groupName": "2/2",
        "subject": "r_fizyka #3fi",
        "room": "19",
        "roomId": "3"
      }
    ],
    [
      {
        "groupName": "1/2",
        "subject": "sieci.komput",
        "teacher": "Dr",
        "teacherId": "14",
        "room": "35",
        "roomId": "13"
      },
      {
        "groupName": "2/2",
        "subject": "r_fizyka #3fi",
        "room": "19",
        "roomId": "3"
      }
    ],
    [
      {
        "groupName": "1/2",
        "subject": "r_fizyka",
        "teacher": "Ba",
        "teacherId": "1",
        "room": "19",
        "roomId": "3"
      }
    ]
  ],
  [
    [
      {
        "groupName": "1/2",
        "subject": "sieci.komput",
        "teacher": "Dr",
        "teacherId": "14",
        "room": "35",
        "roomId": "13"
      }
    ],
    [
      {
        "groupName": "1/2",
        "subject": "met.programo",
        "teacher": "PB",
        "teacherId": "41",
        "room": "34",
        "roomId": "12"
      },
      {
        "groupName": "2/2",
        "subject": "sieci.komput",
        "teacher": "Dr",
        "teacherId": "14",
        "room": "35",
        "roomId": "13"
      }
    ],
    [
      {
        "groupName": "1/2",
        "subject": "met.programo",
        "teacher": "PB",
        "teacherId": "41",
        "room": "34",
        "roomId": "12"
      },
      {
        "groupName": "2/2",
        "subject": "sieci.komput",
        "teacher": "Dr",
        "teacherId": "14",
        "room": "35",
        "roomId": "13"
      }
    ],
    [
      {
        "groupName": "1/2",
        "subject": "angielski g",
        "teacher": "BM",
        "teacherId": "4",
        "room": "W11",
        "roomId": "20"
      },
      {
        "groupName": "2/2",
        "subject": "angielski g",
        "teacher": "Pi",
        "teacherId": "42",
        "room": "W3",
        "roomId": "19"
      }
    ],
    [
      {
        "subject": "matematyka",
        "teacher": "PB",
        "teacherId": "41",
        "room": "34",
        "roomId": "12"
      }
    ],
    [
      {
        "groupName": "1/2",
        "subject": "s.operacyjne",
        "teacher": "Oż",
        "teacherId": "39",
        "room": "32",
        "roomId": "10"
      },
      {
        "groupName": "2/2",
        "subject": "tw.apl.inter",
        "teacher": "Ko",
        "teacherId": "27",
        "room": "33",
        "roomId": "11"
      }
    ],
    [
      {
        "groupName": "1/2",
        "subject": "s.operacyjne",
        "teacher": "Oż",
        "teacherId": "39",
        "room": "32",
        "roomId": "10"
      },
      {
        "groupName": "2/2",
        "subject": "tw.apl.inter",
        "teacher": "Ko",
        "teacherId": "27",
        "room": "33",
        "roomId": "11"
      }
    ],
    [
      {
        "groupName": "1/2",
        "subject": "sieci.komput",
        "teacher": "Dr",
        "teacherId": "14",
        "room": "35",
        "roomId": "13"
      },
      {
        "groupName": "2/2",
        "subject": "tw.baz.dan",
        "teacher": "Dę",
        "teacherId": "13",
        "room": "34",
        "roomId": "12"
      }
    ],
    [],
    []
  ],
  [
    [],
    [
      {
        "subject": "religia",
        "teacher": "KG",
        "teacherId": "20",
        "room": "3",
        "roomId": "16"
      }
    ],
    [
      {
        "subject": "j.polski",
        "teacher": "ZJ",
        "teacherId": "67",
        "room": "16",
        "roomId": "1"
      }
    ],
    [
      {
        "subject": "j.polski",
        "teacher": "ZJ",
        "teacherId": "67",
        "room": "16",
        "roomId": "1"
      }
    ],
    [
      {
        "groupName": "1/2",
        "subject": "sieci.komput",
        "teacher": "Dr",
        "teacherId": "14",
        "room": "35",
        "roomId": "13"
      },
      {
        "groupName": "2/2",
        "subject": "s.operacyjne",
        "teacher": "Oż",
        "teacherId": "39",
        "room": "32",
        "roomId": "10"
      }
    ],
    [
      {
        "groupName": "1/2",
        "subject": "sieci.komput",
        "teacher": "Dr",
        "teacherId": "14",
        "room": "35",
        "roomId": "13"
      },
      {
        "groupName": "2/2",
        "subject": "s.operacyjne",
        "teacher": "Oż",
        "teacherId": "39",
        "room": "32",
        "roomId": "10"
      }
    ],
    [
      {
        "groupName": "1/2",
        "subject": "wf",
        "teacher": "CK",
        "teacherId": "9",
        "room": "WG4",
        "roomId": "33"
      },
      {
        "groupName": "2/2",
        "subject": "wf",
        "teacher": "Bu",
        "teacherId": "8",
        "room": "WG3",
        "roomId": "32"
      }
    ],
    [
      {
        "groupName": "1/2",
        "subject": "wf",
        "teacher": "CK",
        "teacherId": "9",
        "room": "WG4",
        "roomId": "33"
      },
      {
        "groupName": "2/2",
        "subject": "wf",
        "teacher": "Bu",
        "teacherId": "8",
        "room": "WG3",
        "roomId": "32"
      }
    ],
    [],
    [
      {
        "groupName": "2/3",
        "subject": "r_geografia #2ge",
        "room": "16",
        "roomId": "1"
      },
      {
        "groupName": "3/3",
        "subject": "r_informat. #2in",
        "room": "33",
        "roomId": "11"
      }
    ]
  ],
  [
    [],
    [
      {
        "groupName": "1/2",
        "subject": "tw.baz.dan",
        "teacher": "Dę",
        "teacherId": "13",
        "room": "34",
        "roomId": "12"
      },
      {
        "groupName": "2/2",
        "subject": "s.operacyjne",
        "teacher": "Oż",
        "teacherId": "39",
        "room": "32",
        "roomId": "10"
      }
    ],
    [
      {
        "groupName": "1/2",
        "subject": "tw.baz.dan",
        "teacher": "Dę",
        "teacherId": "13",
        "room": "34",
        "roomId": "12"
      },
      {
        "groupName": "2/2",
        "subject": "met.programo",
        "teacher": "PB",
        "teacherId": "41",
        "room": "33",
        "roomId": "11"
      }
    ],
    [
      {
        "subject": "r_matematyka",
        "teacher": "PB",
        "teacherId": "41",
        "room": "W15",
        "roomId": "22"
      }
    ],
    [
      {
        "subject": "matematyka",
        "teacher": "PB",
        "teacherId": "41",
        "room": "34",
        "roomId": "12"
      }
    ],
    [
      {
        "subject": "religia",
        "teacher": "KG",
        "teacherId": "20",
        "room": "16",
        "roomId": "1"
      }
    ],
    [
      {
        "groupName": "1/2",
        "subject": "wf",
        "teacher": "CK",
        "teacherId": "9",
        "room": "WG4",
        "roomId": "33"
      },
      {
        "groupName": "2/2",
        "subject": "wf",
        "teacher": "Bu",
        "teacherId": "8",
        "room": "WG3",
        "roomId": "32"
      }
    ],
    [
      {
        "groupName": "1/2",
        "subject": "s.operacyjne",
        "teacher": "Oż",
        "teacherId": "39",
        "room": "32",
        "roomId": "10"
      },
      {
        "groupName": "2/2",
        "subject": "r_fizyka #3fi",
        "room": "19",
        "roomId": "3"
      }
    ],
    [],
    []
  ]
]
