[
  [
    [
      {
        "teacher": "Kr",
        "teacherId": "29",
        "className": "4Tm",
        "classId": "28",
        "subject": "u_hist.i sp."
      }
    ],
    [
      {
        "teacher": "Kr",
        "teacherId": "29",
        "className": "4Tp",
        "classId": "29",
        "subject": "u_hist.i sp."
      }
    ],
    [
      {
        "teacher": "Ho",
        "teacherId": "25",
        "className": "4Ti",
        "classId": "27",
        "subject": "u_hist.i sp."
      }
    ],
    [
      {
        "teacher": "Kr",
        "teacherId": "29",
        "className": "2Tc",
        "classId": "8",
        "subject": "historia"
      }
    ],
    [
      {
        "teacher": "ZJ",
        "teacherId": "67",
        "className": "3Ti",
        "classId": "19",
        "subject": "j.polski"
      }
    ],
    [
      {
        "teacher": "ZJ",
        "teacherId": "67",
        "className": "2Ti",
        "classId": "10",
        "subject": "j.polski"
      }
    ],
    [
      {
        "teacher": "ZJ",
        "teacherId": "67",
        "className": "1Ti",
        "classId": "2",
        "subject": "j.polski"
      }
    ],
    [
      {
        "teacher": "RM",
        "teacherId": "50",
        "className": "1Ti",
        "classId": "2",
        "subject": "biologia"
      }
    ],
    [
      {
        "teacher": "RM",
        "teacherId": "50",
        "className": "1Zp",
        "classId": "7",
        "subject": "biologia"
      }
    ],
    [],
    []
  ],
  [
    [
      {
        "teacher": "Kr",
        "teacherId": "29",
        "className": "4Tp",
        "classId": "29",
        "groupName": "2/3",
        "subject": "r_geografia"
      }
    ],
    [
      {
        "teacher": "Kr",
        "teacherId": "29",
        "className": "4Tp",
        "classId": "29",
        "groupName": "2/3",
        "subject": "r_geografia"
      }
    ],
    [
      {
        "teacher": "JP",
        "teacherId": "43",
        "className": "1Tp",
        "classId": "4",
        "subject": "chemia"
      }
    ],
    [
      {
        "teacher": "Ho",
        "teacherId": "25",
        "className": "3Tc",
        "classId": "17",
        "subject": "u_hist.i sp."
      }
    ],
    [
      {
        "teacher": "Ho",
        "teacherId": "25",
        "className": "3Ti",
        "classId": "19",
        "subject": "u_hist.i sp."
      }
    ],
    [
      {
        "teacher": "Ho",
        "teacherId": "25",
        "className": "2Tn",
        "classId": "12",
        "subject": "historia"
      }
    ],
    [
      {
        "teacher": "BR",
        "teacherId": "7",
        "className": "1Zp",
        "classId": "7",
        "subject": "religia"
      }
    ],
    [],
    [],
    [],
    []
  ],
  [
    [
      {
        "teacher": "Kr",
        "teacherId": "29",
        "className": "4Tp",
        "classId": "29",
        "groupName": "2/3",
        "subject": "r_geografia"
      }
    ],
    [
      {
        "teacher": "Kr",
        "teacherId": "29",
        "className": "4Tp",
        "classId": "29",
        "groupName": "2/3",
        "subject": "r_geografia"
      }
    ],
    [
      {
        "teacher": "JW",
        "teacherId": "65",
        "className": "1Tc",
        "classId": "1",
        "subject": "r_matematyka"
      }
    ],
    [
      {
        "teacher": "Ho",
        "teacherId": "25",
        "className": "1Tc",
        "classId": "1",
        "subject": "wos"
      }
    ],
    [
      {
        "teacher": "Ho",
        "teacherId": "25",
        "className": "4Ti",
        "classId": "27",
        "subject": "u_hist.i sp."
      }
    ],
    [
      {
        "teacher": "Ho",
        "teacherId": "25",
        "className": "4Ti",
        "classId": "27",
        "subject": "u_hist.i sp."
      }
    ],
    [
      {
        "teacher": "AP",
        "teacherId": "48",
        "className": "2Ti",
        "classId": "10",
        "subject": "godz.wych"
      }
    ],
    [
      {
        "teacher": "Ho",
        "teacherId": "25",
        "className": "2Tp",
        "classId": "13",
        "subject": "historia"
      }
    ],
    [
      {
        "teacher": "Ho",
        "teacherId": "25",
        "className": "3Za",
        "classId": "22",
        "subject": "wos"
      }
    ],
    [],
    [
      {
        "teacher": "Ho",
        "teacherId": "25",
        "className": "3Ze",
        "classId": "24",
        "subject": "wos"
      }
    ]
  ],
  [
    [
      {
        "teacher": "Dę",
        "teacherId": "13",
        "className": "3Tk",
        "classId": "20",
        "groupName": "3/3",
        "subject": "r_informat."
      },
      {
        "teacher": "Dę",
        "teacherId": "13",
        "className": "3Tp",
        "classId": "21",
        "groupName": "3/3",
        "subject": "r_informat."
      },
      {
        "teacher": "Dę",
        "teacherId": "13",
        "className": "3Te",
        "classId": "18",
        "groupName": "3/3",
        "subject": "r_informat."
      }
    ],
    [
      {
        "teacher": "Ho",
        "teacherId": "25",
        "className": "1Tt",
        "classId": "5",
        "subject": "wos"
      }
    ],
    [
      {
        "teacher": "Ho",
        "teacherId": "25",
        "className": "4Ti",
        "classId": "27",
        "subject": "u_hist.i sp."
      }
    ],
    [
      {
        "teacher": "Ho",
        "teacherId": "25",
        "className": "2Ti",
        "classId": "10",
        "subject": "historia"
      }
    ],
    [
      {
        "teacher": "Ho",
        "teacherId": "25",
        "className": "3Tk",
        "classId": "20",
        "subject": "u_hist.i sp."
      }
    ],
    [
      {
        "teacher": "PB",
        "teacherId": "41",
        "className": "3Te",
        "classId": "18",
        "subject": "matematyka"
      }
    ],
    [
      {
        "teacher": "Kr",
        "teacherId": "29",
        "className": "1Tm",
        "classId": "3",
        "subject": "wos"
      }
    ],
    [
      {
        "teacher": "Kr",
        "teacherId": "29",
        "className": "2Tm",
        "classId": "11",
        "subject": "historia"
      }
    ],
    [
      {
        "teacher": "Kr",
        "teacherId": "29",
        "className": "1Zm",
        "classId": "6",
        "subject": "historia"
      }
    ],
    [],
    []
  ],
  [
    [
      {
        "teacher": "Ho",
        "teacherId": "25",
        "className": "3Tp",
        "classId": "21",
        "subject": "u_hist.i sp."
      }
    ],
    [
      {
        "teacher": "ZJ",
        "teacherId": "67",
        "className": "1Ti",
        "classId": "2",
        "subject": "j.polski"
      }
    ],
    [
      {
        "teacher": "ZJ",
        "teacherId": "67",
        "className": "1Ti",
        "classId": "2",
        "subject": "j.polski"
      }
    ],
    [
      {
        "teacher": "Ho",
        "teacherId": "25",
        "className": "1Tc",
        "classId": "1",
        "subject": "historia"
      }
    ],
    [
      {
        "teacher": "Ho",
        "teacherId": "25",
        "className": "1Tc",
        "classId": "1",
        "subject": "godz.wych"
      }
    ],
    [
      {
        "teacher": "Ho",
        "teacherId": "25",
        "className": "1Tt",
        "classId": "5",
        "subject": "historia"
      }
    ],
    [
      {
        "teacher": "Kr",
        "teacherId": "29",
        "className": "1Ti",
        "classId": "2",
        "subject": "historia"
      }
    ],
    [
      {
        "teacher": "Ho",
        "teacherId": "25",
        "className": "1Zp",
        "classId": "7",
        "subject": "historia"
      }
    ],
    [
      {
        "teacher": "Ho",
        "teacherId": "25",
        "className": "3Zb",
        "classId": "23",
        "subject": "wos"
      }
    ],
    [],
    []
  ]
]
